// Jest Snapshot v1, https://goo.gl/fbAQLP

exports[`<Typography /> snapshots renders correctly 1`] = `
<p
  class="âœ¨body"
>
  Componentry
</p>
`;
