// Jest Snapshot v1, https://goo.gl/fbAQLP

exports[`<Header /> snapshots renders correctly 1`] = `
<h1
  class="h1"
>
  Header
</h1>
`;
