// Jest Snapshot v1, https://goo.gl/fbAQLP

exports[`<Active /> snapshots renders correctly 1`] = `
<div
  class="ðŸ…²-active"
  data-id="test-guid"
  data-testid="active"
>
  <button
    aria-controls="test-guid"
    class="ðŸ…²-active-action active-action-primary"
    type="button"
  >
    Action
  </button>
  <div
    aria-hidden="true"
    class="ðŸ…²-active-content active-content-primary"
    id="test-guid"
  >
    Content
  </div>
</div>
`;
