// Vitest Snapshot v1, https://vitest.dev/guide/snapshot.html

exports[`<Paper /> snapshots > renders correctly 1`] = `
<div
  class="C9Y-Paper-base C9Y-Paper-flat"
  data-testid="paper"
>
  Paper content
</div>
`;
