// Jest Snapshot v1, https://goo.gl/fbAQLP

exports[`<Paper /> snapshots renders correctly 1`] = `
<div
  class="C9Y-Paper-base C9Y-Paper-flat"
  data-testid="paper"
>
  Paper content
</div>
`;
