// Jest Snapshot v1, https://goo.gl/fbAQLP

exports[`<Button /> Snapshots renders brand color correctly 1`] = `
<button
  class="ðŸ…²Button-base ðŸ…²Button-filled ðŸ…²Button-successColor"
  type="button"
>
  Componentry
</button>
`;

exports[`<Button /> Snapshots renders defaults correctly 1`] = `
<button
  class="ðŸ…²Button-base ðŸ…²Button-filled"
  type="button"
>
  Componentry
</button>
`;

exports[`<Button /> Snapshots renders large outline correctly 1`] = `
<button
  class="ðŸ…²Button-base ðŸ…²Button-filled ðŸ…²Button-lgSize"
  type="button"
>
  Componentry
</button>
`;
