// Jest Snapshot v1, https://goo.gl/fbAQLP

exports[`<Nav /> snapshots renders correctly 1`] = `
<nav
  class="ðŸ…²-nav"
  role="navigation"
>
  <a
    class="ðŸ…²-nav-item nav-item-primary active"
    href="#"
  >
    Active
  </a>
  <a
    class="ðŸ…²-nav-item nav-item-primary"
    href="#"
  >
    React
  </a>
  <a
    class="ðŸ…²-nav-item nav-item-primary"
    href="#"
  >
    Redux
  </a>
  <a
    class="ðŸ…²-nav-item nav-item-primary disabled"
    disabled=""
    href="#"
  >
    Styles
  </a>
</nav>
`;
