// Vitest Snapshot v1, https://vitest.dev/guide/snapshot.html

exports[`<Flex /> snapshots > renders correctly 1`] = `
<div
  class="flex"
  data-testid="flex"
>
  Flex content
</div>
`;
