// Jest Snapshot v1, https://goo.gl/fbAQLP

exports[`<Flex /> snapshots renders correctly 1`] = `
<div
  class="flex"
  data-testid="flex"
>
  Flex content
</div>
`;
