// Jest Snapshot v1, https://goo.gl/fbAQLP

exports[`<Drawer /> snapshots renders correctly 1`] = `
<div
  class="dropdown bottom"
  data-id="guid"
>
  <button
    aria-expanded="false"
    aria-haspopup="true"
    class="dropdown-trigger btn-anchor"
    id="guid"
    type="button"
  >
    Trigger
  </button>
  <div
    aria-hidden="true"
    aria-labelledby="guid"
    class="dropdown-content"
  >
    <button
      class="dropdown-item"
      type="button"
    >
      Item 1
    </button>
    <button
      class="dropdown-item"
      type="button"
    >
      Item 2
    </button>
  </div>
</div>
`;
