// Jest Snapshot v1, https://goo.gl/fbAQLP

exports[`<Close /> snapshots renders correctly 1`] = `
<button
  aria-label="close"
  class="ðŸ…²-close"
  type="button"
>
  <svg
    class="ðŸ…²-icon icon-close font-variant"
    role="img"
  >
    <use
      href="#close"
      xlink:href="#close"
    />
  </svg>
</button>
`;
