// Jest Snapshot v1, https://goo.gl/fbAQLP

exports[`<Drawer /> snapshots renders correctly 1`] = `
<div
  class=""
  data-id="test-guid"
  data-testid="drawer"
>
  <button
    aria-controls="test-guid"
    aria-expanded="false"
    class="DrawerAction-primary"
    type="button"
  >
    Action
  </button>
  <div
    aria-hidden="true"
    class="DrawerContent-primary"
    id="test-guid"
  >
    Content
  </div>
</div>
`;
