// Jest Snapshot v1, https://goo.gl/fbAQLP

exports[`<Block /> snapshots renders correctly 1`] = `
<div
  class="block"
  data-testid="block"
>
  Block content
</div>
`;
