// Jest Snapshot v1, https://goo.gl/fbAQLP

exports[`<Alert /> snapshots renders correctly 1`] = `
<div
  aria-hidden="false"
  class="ðŸ…²-alert alert-filled alert-color-danger fade"
  role="alert"
>
  <div
    class="sr-only"
  >
    danger alert
  </div>
  <div
    class="alert-content"
  >
    Warning!
  </div>
  <button
    aria-label="close"
    class="ðŸ…²-alert-close font-color-danger"
    type="button"
  >
    <svg
      class="ðŸ…²-icon icon-close font-variant"
      role="img"
    >
      <use
        href="#close"
        xlink:href="#close"
      />
    </svg>
  </button>
</div>
`;
