// Jest Snapshot v1, https://goo.gl/fbAQLP

exports[`<FormGroup /> snapshots renders correctly 1`] = `
<div
  class="form-group"
/>
`;
