// Jest Snapshot v1, https://goo.gl/fbAQLP

exports[`<List /> snapshots renders correctly 1`] = `
<ul
  class="list-group"
>
  <li
    class="list-group-item"
  >
    Item 1
  </li>
  <li
    class="list-group-item"
  >
    Item 2
  </li>
</ul>
`;
