// Jest Snapshot v1, https://goo.gl/fbAQLP

exports[`<Alert /> snapshots renders correctly 1`] = `
<div
  aria-hidden="false"
  class="ðŸ…²Alert-base ðŸ…²Alert-filled ðŸ…²Alert-dangerColor fade"
  role="alert"
>
  <div
    class="sr-only"
  >
    danger alert
  </div>
  <div
    class="ðŸ…²AlertContent"
  >
    Warning!
  </div>
  <button
    aria-label="close"
    class="ðŸ…²Close-base ðŸ…²AlertClose"
    type="button"
  >
    <svg
      class="ðŸ…²Icon-base ðŸ…²Icon-font icon-close"
      role="img"
    >
      <use
        href="#close"
        xlink:href="#close"
      />
    </svg>
  </button>
</div>
`;
