// Jest Snapshot v1, https://goo.gl/fbAQLP

exports[`<Input /> snapshots renders correctly 1`] = `
<div
  data-testid="input"
>
  <label
    class="ðŸ…²InputLabel"
    for="test-guid"
  >
    Storybook
  </label>
  <input
    class="ðŸ…²InputField"
    id="test-guid"
    type="text"
  />
  <div
    class="ðŸ…²InputDescription"
  >
    Really important input!
  </div>
  <div
    class="ðŸ…²InputError"
  >
    Oh no!
  </div>
</div>
`;
