// Jest Snapshot v1, https://goo.gl/fbAQLP

exports[`<ListGroup /> snapshots renders correctly 1`] = `
<ul
  className="list-group"
>
  <li
    className="list-group-item"
  >
    Item 1
  </li>
  <li
    className="list-group-item"
  >
    Item 2
  </li>
</ul>
`;
