// Vitest Snapshot v1, https://vitest.dev/guide/snapshot.html

exports[`<Link /> snapshots > renders correctly 1`] = `
<a
  class="C9Y-Link-base C9Y-Link-text"
  data-testid="link"
  href="#test"
>
  Link
</a>
`;
